=== RUN   TestLoad_NoConfigFile
--- PASS: TestLoad_NoConfigFile (0.00s)
=== RUN   TestLoad_EmptyPaths
--- PASS: TestLoad_EmptyPaths (0.00s)
=== RUN   TestGetString
--- PASS: TestGetString (0.00s)
=== RUN   TestGetString_NotSet
--- PASS: TestGetString_NotSet (0.00s)
=== RUN   TestGetString_EnvironmentOverride
--- PASS: TestGetString_EnvironmentOverride (0.00s)
=== RUN   TestGetInt
--- PASS: TestGetInt (0.00s)
=== RUN   TestGetInt_NotSet
--- PASS: TestGetInt_NotSet (0.00s)
=== RUN   TestGetInt_StringValue
--- PASS: TestGetInt_StringValue (0.00s)
=== RUN   TestGetBool
--- PASS: TestGetBool (0.00s)
=== RUN   TestGetBool_False
--- PASS: TestGetBool_False (0.00s)
=== RUN   TestGetBool_NotSet
--- PASS: TestGetBool_NotSet (0.00s)
=== RUN   TestGetBool_StringValue
--- PASS: TestGetBool_StringValue (0.00s)
=== RUN   TestGetDuration
--- PASS: TestGetDuration (0.00s)
=== RUN   TestGetDuration_NotSet
--- PASS: TestGetDuration_NotSet (0.00s)
=== RUN   TestGetDuration_InvalidFormat
--- PASS: TestGetDuration_InvalidFormat (0.00s)
=== RUN   TestLoad_ConfigFileNotFound
--- PASS: TestLoad_ConfigFileNotFound (0.00s)
=== RUN   TestLoad_InvalidConfigFile
--- PASS: TestLoad_InvalidConfigFile (0.00s)
=== RUN   TestConfig_EnvironmentVariableReplacement
--- PASS: TestConfig_EnvironmentVariableReplacement (0.00s)
=== RUN   TestConfig_MultipleCalls
--- PASS: TestConfig_MultipleCalls (0.00s)
=== RUN   TestConfig_ConcurrentAccess
--- PASS: TestConfig_ConcurrentAccess (0.00s)
PASS
ok  	github.com/AndrewDonelson/go-grpc-foundation/pkg/config	(cached)
=== RUN   TestDefaultPostgresConfig
--- PASS: TestDefaultPostgresConfig (0.00s)
=== RUN   TestNewPostgresPool_InvalidDSN
--- PASS: TestNewPostgresPool_InvalidDSN (0.00s)
=== RUN   TestNewPostgresPool_InvalidHost
--- PASS: TestNewPostgresPool_InvalidHost (0.00s)
=== RUN   TestNewPostgresPool_ConfigValues
--- PASS: TestNewPostgresPool_ConfigValues (0.00s)
=== RUN   TestPostgresConfig_ZeroValues
--- PASS: TestPostgresConfig_ZeroValues (0.00s)
=== RUN   TestPostgresConfig_DSNFormat
--- PASS: TestPostgresConfig_DSNFormat (0.00s)
=== RUN   TestPostgresConfig_SpecialCharacters
--- PASS: TestPostgresConfig_SpecialCharacters (0.00s)
=== RUN   TestDefaultRedisConfig
--- PASS: TestDefaultRedisConfig (0.00s)
=== RUN   TestNewRedisClient_InvalidHost
--- PASS: TestNewRedisClient_InvalidHost (0.07s)
=== RUN   TestNewRedisClient_InvalidPort
--- PASS: TestNewRedisClient_InvalidPort (0.07s)
=== RUN   TestNewRedisClient_ConfigValues
--- PASS: TestNewRedisClient_ConfigValues (0.12s)
=== RUN   TestRedisConfig_ZeroValues
--- PASS: TestRedisConfig_ZeroValues (0.00s)
=== RUN   TestRedisConfig_AddressFormat
--- PASS: TestRedisConfig_AddressFormat (0.00s)
=== RUN   TestNewRedisClient_ContextTimeout
--- PASS: TestNewRedisClient_ContextTimeout (0.00s)
=== RUN   TestNewRedisClient_DifferentDB
    logger.go:146: 2025-12-04T16:49:53.764-0600	INFO	redis client created	{"host": "localhost", "port": 6379, "db": 5}
--- PASS: TestNewRedisClient_DifferentDB (0.00s)
=== RUN   TestNewRedisClient_WithPassword
    logger.go:146: 2025-12-04T16:49:53.764-0600	INFO	redis client created	{"host": "localhost", "port": 6379, "db": 0}
--- PASS: TestNewRedisClient_WithPassword (0.00s)
PASS
ok  	github.com/AndrewDonelson/go-grpc-foundation/pkg/database	0.272s
=== RUN   TestNewLogger_Development
2025-12-04T16:45:48.479-0600	[34mINFO[0m	logging/logger_test.go:18	test message
2025-12-04T16:45:48.479-0600	[35mDEBUG[0m	logging/logger_test.go:19	debug message
2025-12-04T16:45:48.479-0600	[33mWARN[0m	logging/logger_test.go:20	warn message
github.com/AndrewDonelson/go-grpc-foundation/pkg/logging.TestNewLogger_Development
	/home/andrew/Development/Golang/go-grpc-foundation/pkg/logging/logger_test.go:20
testing.tRunner
	/snap/go/10984/src/testing/testing.go:1934
2025-12-04T16:45:48.479-0600	[31mERROR[0m	logging/logger_test.go:21	error message
github.com/AndrewDonelson/go-grpc-foundation/pkg/logging.TestNewLogger_Development
	/home/andrew/Development/Golang/go-grpc-foundation/pkg/logging/logger_test.go:21
testing.tRunner
	/snap/go/10984/src/testing/testing.go:1934
--- PASS: TestNewLogger_Development (0.00s)
=== RUN   TestNewLogger_Production
{"level":"warn","ts":1764888348.4794776,"caller":"logging/logger_test.go:31","msg":"warn message"}
{"level":"error","ts":1764888348.4794877,"caller":"logging/logger_test.go:32","msg":"error message","stacktrace":"github.com/AndrewDonelson/go-grpc-foundation/pkg/logging.TestNewLogger_Production\n\t/home/andrew/Development/Golang/go-grpc-foundation/pkg/logging/logger_test.go:32\ntesting.tRunner\n\t/snap/go/10984/src/testing/testing.go:1934"}
--- PASS: TestNewLogger_Production (0.00s)
=== RUN   TestNewLogger_UnknownEnvironment
--- PASS: TestNewLogger_UnknownEnvironment (0.00s)
=== RUN   TestNewLogger_LogLevelOverride
=== RUN   TestNewLogger_LogLevelOverride/debug_level_override
=== RUN   TestNewLogger_LogLevelOverride/info_level_override
=== RUN   TestNewLogger_LogLevelOverride/warn_level_override
=== RUN   TestNewLogger_LogLevelOverride/error_level_override
=== RUN   TestNewLogger_LogLevelOverride/invalid_level
--- PASS: TestNewLogger_LogLevelOverride (0.00s)
    --- PASS: TestNewLogger_LogLevelOverride/debug_level_override (0.00s)
    --- PASS: TestNewLogger_LogLevelOverride/info_level_override (0.00s)
    --- PASS: TestNewLogger_LogLevelOverride/warn_level_override (0.00s)
    --- PASS: TestNewLogger_LogLevelOverride/error_level_override (0.00s)
    --- PASS: TestNewLogger_LogLevelOverride/invalid_level (0.00s)
=== RUN   TestNewLogger_NoLogLevelOverride
2025-12-04T16:45:48.479-0600	[35mDEBUG[0m	logging/logger_test.go:110	debug message
--- PASS: TestNewLogger_NoLogLevelOverride (0.00s)
=== RUN   TestNewLogger_EmptyEnvironment
--- PASS: TestNewLogger_EmptyEnvironment (0.00s)
=== RUN   TestNewLogger_ConcurrentAccess
--- PASS: TestNewLogger_ConcurrentAccess (0.00s)
=== RUN   TestNewLogger_Levels
2025-12-04T16:45:48.479-0600	[35mDEBUG[0m	logging/logger_test.go:145	debug message
--- PASS: TestNewLogger_Levels (0.00s)
=== RUN   TestUnaryLoggingInterceptor_Success
    logger.go:146: 2025-12-04T16:45:48.480-0600	DEBUG	rpc call completed	{"method": "/test.v1.TestService/TestMethod", "duration": "46ns", "code": "OK"}
--- PASS: TestUnaryLoggingInterceptor_Success (0.00s)
=== RUN   TestUnaryLoggingInterceptor_Error
    logger.go:146: 2025-12-04T16:45:48.480-0600	ERROR	rpc call failed	{"method": "/test.v1.TestService/TestMethod", "duration": "19ns", "code": "Internal", "error": "rpc error: code = Internal desc = test error"}
--- PASS: TestUnaryLoggingInterceptor_Error (0.00s)
=== RUN   TestUnaryLoggingInterceptor_Duration
    logger.go:146: 2025-12-04T16:45:48.490-0600	DEBUG	rpc call completed	{"method": "/test.v1.TestService/SlowMethod", "duration": "10.126997ms", "code": "OK"}
--- PASS: TestUnaryLoggingInterceptor_Duration (0.01s)
=== RUN   TestUnaryLoggingInterceptor_ErrorCodes
=== RUN   TestUnaryLoggingInterceptor_ErrorCodes/InvalidArgument
=== NAME  TestUnaryLoggingInterceptor_ErrorCodes
    logger.go:146: 2025-12-04T16:45:48.490-0600	ERROR	rpc call failed	{"method": "/test.v1.TestService/TestMethod", "duration": "1.062µs", "code": "InvalidArgument", "error": "rpc error: code = InvalidArgument desc = test error"}
=== RUN   TestUnaryLoggingInterceptor_ErrorCodes/NotFound
=== NAME  TestUnaryLoggingInterceptor_ErrorCodes
    logger.go:146: 2025-12-04T16:45:48.490-0600	ERROR	rpc call failed	{"method": "/test.v1.TestService/TestMethod", "duration": "119ns", "code": "NotFound", "error": "rpc error: code = NotFound desc = test error"}
=== RUN   TestUnaryLoggingInterceptor_ErrorCodes/PermissionDenied
=== NAME  TestUnaryLoggingInterceptor_ErrorCodes
    logger.go:146: 2025-12-04T16:45:48.490-0600	ERROR	rpc call failed	{"method": "/test.v1.TestService/TestMethod", "duration": "183ns", "code": "PermissionDenied", "error": "rpc error: code = PermissionDenied desc = test error"}
=== RUN   TestUnaryLoggingInterceptor_ErrorCodes/Unauthenticated
=== NAME  TestUnaryLoggingInterceptor_ErrorCodes
    logger.go:146: 2025-12-04T16:45:48.490-0600	ERROR	rpc call failed	{"method": "/test.v1.TestService/TestMethod", "duration": "92ns", "code": "Unauthenticated", "error": "rpc error: code = Unauthenticated desc = test error"}
=== RUN   TestUnaryLoggingInterceptor_ErrorCodes/ResourceExhausted
=== NAME  TestUnaryLoggingInterceptor_ErrorCodes
    logger.go:146: 2025-12-04T16:45:48.490-0600	ERROR	rpc call failed	{"method": "/test.v1.TestService/TestMethod", "duration": "97ns", "code": "ResourceExhausted", "error": "rpc error: code = ResourceExhausted desc = test error"}
=== RUN   TestUnaryLoggingInterceptor_ErrorCodes/Unimplemented
=== NAME  TestUnaryLoggingInterceptor_ErrorCodes
    logger.go:146: 2025-12-04T16:45:48.490-0600	ERROR	rpc call failed	{"method": "/test.v1.TestService/TestMethod", "duration": "97ns", "code": "Unimplemented", "error": "rpc error: code = Unimplemented desc = test error"}
=== RUN   TestUnaryLoggingInterceptor_ErrorCodes/Internal
=== NAME  TestUnaryLoggingInterceptor_ErrorCodes
    logger.go:146: 2025-12-04T16:45:48.490-0600	ERROR	rpc call failed	{"method": "/test.v1.TestService/TestMethod", "duration": "122ns", "code": "Internal", "error": "rpc error: code = Internal desc = test error"}
=== RUN   TestUnaryLoggingInterceptor_ErrorCodes/Unavailable
=== NAME  TestUnaryLoggingInterceptor_ErrorCodes
    logger.go:146: 2025-12-04T16:45:48.490-0600	ERROR	rpc call failed	{"method": "/test.v1.TestService/TestMethod", "duration": "2.635µs", "code": "Unavailable", "error": "rpc error: code = Unavailable desc = test error"}
=== RUN   TestUnaryLoggingInterceptor_ErrorCodes/DeadlineExceeded
=== NAME  TestUnaryLoggingInterceptor_ErrorCodes
    logger.go:146: 2025-12-04T16:45:48.490-0600	ERROR	rpc call failed	{"method": "/test.v1.TestService/TestMethod", "duration": "117ns", "code": "DeadlineExceeded", "error": "rpc error: code = DeadlineExceeded desc = test error"}
--- PASS: TestUnaryLoggingInterceptor_ErrorCodes (0.00s)
    --- PASS: TestUnaryLoggingInterceptor_ErrorCodes/InvalidArgument (0.00s)
    --- PASS: TestUnaryLoggingInterceptor_ErrorCodes/NotFound (0.00s)
    --- PASS: TestUnaryLoggingInterceptor_ErrorCodes/PermissionDenied (0.00s)
    --- PASS: TestUnaryLoggingInterceptor_ErrorCodes/Unauthenticated (0.00s)
    --- PASS: TestUnaryLoggingInterceptor_ErrorCodes/ResourceExhausted (0.00s)
    --- PASS: TestUnaryLoggingInterceptor_ErrorCodes/Unimplemented (0.00s)
    --- PASS: TestUnaryLoggingInterceptor_ErrorCodes/Internal (0.00s)
    --- PASS: TestUnaryLoggingInterceptor_ErrorCodes/Unavailable (0.00s)
    --- PASS: TestUnaryLoggingInterceptor_ErrorCodes/DeadlineExceeded (0.00s)
=== RUN   TestUnaryLoggingInterceptor_NonStatusError
    logger.go:146: 2025-12-04T16:45:48.490-0600	ERROR	rpc call failed	{"method": "/test.v1.TestService/TestMethod", "duration": "128ns", "code": "Unknown", "error": "non-status error"}
--- PASS: TestUnaryLoggingInterceptor_NonStatusError (0.00s)
=== RUN   TestStreamLoggingInterceptor_Success
    logger.go:146: 2025-12-04T16:45:48.490-0600	DEBUG	stream call completed	{"method": "/test.v1.TestService/TestStream", "duration": "14ns", "code": "OK", "is_client_stream": false, "is_server_stream": true}
--- PASS: TestStreamLoggingInterceptor_Success (0.00s)
=== RUN   TestStreamLoggingInterceptor_Error
    logger.go:146: 2025-12-04T16:45:48.490-0600	ERROR	stream call failed	{"method": "/test.v1.TestService/TestStream", "duration": "21ns", "code": "Internal", "is_client_stream": true, "is_server_stream": true, "error": "rpc error: code = Internal desc = stream error"}
--- PASS: TestStreamLoggingInterceptor_Error (0.00s)
=== RUN   TestStreamLoggingInterceptor_StreamTypes
=== RUN   TestStreamLoggingInterceptor_StreamTypes/unary_stream
=== NAME  TestStreamLoggingInterceptor_StreamTypes
    logger.go:146: 2025-12-04T16:45:48.490-0600	DEBUG	stream call completed	{"method": "/test.v1.TestService/TestStream", "duration": "131ns", "code": "OK", "is_client_stream": false, "is_server_stream": false}
=== RUN   TestStreamLoggingInterceptor_StreamTypes/client_stream
=== NAME  TestStreamLoggingInterceptor_StreamTypes
    logger.go:146: 2025-12-04T16:45:48.490-0600	DEBUG	stream call completed	{"method": "/test.v1.TestService/TestStream", "duration": "15ns", "code": "OK", "is_client_stream": true, "is_server_stream": false}
=== RUN   TestStreamLoggingInterceptor_StreamTypes/server_stream
=== NAME  TestStreamLoggingInterceptor_StreamTypes
    logger.go:146: 2025-12-04T16:45:48.490-0600	DEBUG	stream call completed	{"method": "/test.v1.TestService/TestStream", "duration": "14ns", "code": "OK", "is_client_stream": false, "is_server_stream": true}
=== RUN   TestStreamLoggingInterceptor_StreamTypes/bidirectional_stream
=== NAME  TestStreamLoggingInterceptor_StreamTypes
    logger.go:146: 2025-12-04T16:45:48.490-0600	DEBUG	stream call completed	{"method": "/test.v1.TestService/TestStream", "duration": "14ns", "code": "OK", "is_client_stream": true, "is_server_stream": true}
--- PASS: TestStreamLoggingInterceptor_StreamTypes (0.00s)
    --- PASS: TestStreamLoggingInterceptor_StreamTypes/unary_stream (0.00s)
    --- PASS: TestStreamLoggingInterceptor_StreamTypes/client_stream (0.00s)
    --- PASS: TestStreamLoggingInterceptor_StreamTypes/server_stream (0.00s)
    --- PASS: TestStreamLoggingInterceptor_StreamTypes/bidirectional_stream (0.00s)
=== RUN   TestStreamLoggingInterceptor_Duration
    logger.go:146: 2025-12-04T16:45:48.501-0600	DEBUG	stream call completed	{"method": "/test.v1.TestService/SlowStream", "duration": "10.184262ms", "code": "OK", "is_client_stream": false, "is_server_stream": true}
--- PASS: TestStreamLoggingInterceptor_Duration (0.01s)
PASS
ok  	github.com/AndrewDonelson/go-grpc-foundation/pkg/logging	(cached)
=== RUN   TestAuthInterceptor_HealthCheck
--- PASS: TestAuthInterceptor_HealthCheck (0.00s)
=== RUN   TestAuthInterceptor_ValidToken
--- PASS: TestAuthInterceptor_ValidToken (0.00s)
=== RUN   TestAuthInterceptor_InvalidToken
    logger.go:146: 2025-12-04T16:45:33.727-0600	WARN	invalid token	{"method": "/test.v1.TestService/TestMethod"}
--- PASS: TestAuthInterceptor_InvalidToken (0.00s)
=== RUN   TestAuthInterceptor_NoMetadata
    logger.go:146: 2025-12-04T16:45:33.727-0600	WARN	no metadata found in context	{"method": "/test.v1.TestService/TestMethod"}
--- PASS: TestAuthInterceptor_NoMetadata (0.00s)
=== RUN   TestAuthInterceptor_NoAuthorizationHeader
    logger.go:146: 2025-12-04T16:45:33.727-0600	WARN	no authorization header	{"method": "/test.v1.TestService/TestMethod"}
--- PASS: TestAuthInterceptor_NoAuthorizationHeader (0.00s)
=== RUN   TestAuthInterceptor_InvalidFormat_NoBearer
    logger.go:146: 2025-12-04T16:45:33.727-0600	WARN	invalid authorization format	{"method": "/test.v1.TestService/TestMethod"}
--- PASS: TestAuthInterceptor_InvalidFormat_NoBearer (0.00s)
=== RUN   TestAuthInterceptor_InvalidFormat_TooManyParts
    logger.go:146: 2025-12-04T16:45:33.727-0600	WARN	invalid authorization format	{"method": "/test.v1.TestService/TestMethod"}
--- PASS: TestAuthInterceptor_InvalidFormat_TooManyParts (0.00s)
=== RUN   TestAuthInterceptor_InvalidFormat_EmptyBearer
    logger.go:146: 2025-12-04T16:45:33.727-0600	WARN	invalid authorization format	{"method": "/test.v1.TestService/TestMethod"}
--- PASS: TestAuthInterceptor_InvalidFormat_EmptyBearer (0.00s)
=== RUN   TestAuthInterceptor_TokenValidationError
    logger.go:146: 2025-12-04T16:45:33.727-0600	ERROR	token validation error	{"error": "validation error", "method": "/test.v1.TestService/TestMethod"}
--- PASS: TestAuthInterceptor_TokenValidationError (0.00s)
=== RUN   TestAuthInterceptor_CaseInsensitiveBearer
=== RUN   TestAuthInterceptor_CaseInsensitiveBearer/lowercase_bearer
=== RUN   TestAuthInterceptor_CaseInsensitiveBearer/uppercase_bearer
=== RUN   TestAuthInterceptor_CaseInsensitiveBearer/mixed_case_bearer
--- PASS: TestAuthInterceptor_CaseInsensitiveBearer (0.00s)
    --- PASS: TestAuthInterceptor_CaseInsensitiveBearer/lowercase_bearer (0.00s)
    --- PASS: TestAuthInterceptor_CaseInsensitiveBearer/uppercase_bearer (0.00s)
    --- PASS: TestAuthInterceptor_CaseInsensitiveBearer/mixed_case_bearer (0.00s)
=== RUN   TestNewRateLimiter
--- PASS: TestNewRateLimiter (0.00s)
=== RUN   TestRateLimiter_Allow
--- PASS: TestRateLimiter_Allow (0.15s)
=== RUN   TestRateLimiter_Allow_MultipleKeys
--- PASS: TestRateLimiter_Allow_MultipleKeys (0.00s)
=== RUN   TestRateLimiter_Allow_Refill
--- PASS: TestRateLimiter_Allow_Refill (0.06s)
=== RUN   TestRateLimiter_Allow_MultipleRefills
--- PASS: TestRateLimiter_Allow_MultipleRefills (0.15s)
=== RUN   TestRateLimiter_Allow_Concurrent
--- PASS: TestRateLimiter_Allow_Concurrent (0.00s)
=== RUN   TestRateLimiter_Stop
--- PASS: TestRateLimiter_Stop (0.00s)
=== RUN   TestRateLimitInterceptor_Allowed
--- PASS: TestRateLimitInterceptor_Allowed (0.00s)
=== RUN   TestRateLimitInterceptor_RateLimited
--- PASS: TestRateLimitInterceptor_RateLimited (0.00s)
=== RUN   TestRateLimitInterceptor_DifferentKeys
--- PASS: TestRateLimitInterceptor_DifferentKeys (0.00s)
=== RUN   TestDefaultGetKey
--- PASS: TestDefaultGetKey (0.00s)
=== RUN   TestRateLimiter_Cleanup
--- PASS: TestRateLimiter_Cleanup (0.00s)
=== RUN   TestRecoveryInterceptor_NoPanic
--- PASS: TestRecoveryInterceptor_NoPanic (0.00s)
=== RUN   TestRecoveryInterceptor_PanicString
    logger.go:146: 2025-12-04T16:45:34.089-0600	ERROR	panic recovered	{"method": "/test.v1.TestService/TestMethod", "panic": "test panic", "stack": "goroutine 264 [running]:\nruntime/debug.Stack()\n\t/snap/go/10984/src/runtime/debug/stack.go:26 +0x5e\ngithub.com/AndrewDonelson/go-grpc-foundation/pkg/middleware.TestRecoveryInterceptor_PanicString.RecoveryInterceptor.func2.1()\n\t/home/andrew/Development/Golang/go-grpc-foundation/pkg/middleware/recovery.go:26 +0x197\npanic({0x9a5c80?, 0xb62b10?})\n\t/snap/go/10984/src/runtime/panic.go:783 +0x132\ngithub.com/AndrewDonelson/go-grpc-foundation/pkg/middleware.TestRecoveryInterceptor_PanicString.func1({0xac5e40?, 0x0?}, {0x0?, 0xb603d0?})\n\t/home/andrew/Development/Golang/go-grpc-foundation/pkg/middleware/recovery_test.go:45 +0x25\ngithub.com/AndrewDonelson/go-grpc-foundation/pkg/middleware.TestRecoveryInterceptor_PanicString.RecoveryInterceptor.func2({0xb6bd20?, 0xfc0160?}, {0x9a5c80?, 0xb62a70?}, 0xf?, 0xc5ea50?)\n\t/home/andrew/Development/Golang/go-grpc-foundation/pkg/middleware/recovery.go:32 +0x85\ngithub.com/AndrewDonelson/go-grpc-foundation/pkg/middleware.TestRecoveryInterceptor_PanicString(0xc000320000)\n\t/home/andrew/Development/Golang/go-grpc-foundation/pkg/middleware/recovery_test.go:48 +0xac\ntesting.tRunner(0xc000320000, 0xac5228)\n\t/snap/go/10984/src/testing/testing.go:1934 +0xea\ncreated by testing.(*T).Run in goroutine 1\n\t/snap/go/10984/src/testing/testing.go:1997 +0x465\n"}
--- PASS: TestRecoveryInterceptor_PanicString (0.00s)
=== RUN   TestRecoveryInterceptor_PanicError
    logger.go:146: 2025-12-04T16:45:34.089-0600	ERROR	panic recovered	{"method": "/test.v1.TestService/TestMethod", "panic": "test error", "stack": "goroutine 265 [running]:\nruntime/debug.Stack()\n\t/snap/go/10984/src/runtime/debug/stack.go:26 +0x5e\ngithub.com/AndrewDonelson/go-grpc-foundation/pkg/middleware.TestRecoveryInterceptor_PanicError.RecoveryInterceptor.func2.1()\n\t/home/andrew/Development/Golang/go-grpc-foundation/pkg/middleware/recovery.go:26 +0x197\npanic({0x9d0520?, 0xc0001144c0?})\n\t/snap/go/10984/src/runtime/panic.go:783 +0x132\ngithub.com/AndrewDonelson/go-grpc-foundation/pkg/middleware.TestRecoveryInterceptor_PanicError.func1({0x10?, 0xc000097808?}, {0xc0001144c0?, 0xc0000a5e78?})\n\t/home/andrew/Development/Golang/go-grpc-foundation/pkg/middleware/recovery_test.go:67 +0x27\ngithub.com/AndrewDonelson/go-grpc-foundation/pkg/middleware.TestRecoveryInterceptor_PanicError.RecoveryInterceptor.func2({0xb6bd20?, 0xfc0160?}, {0x9a5c80?, 0xb62a70?}, 0x555e4d?, 0xe515f0?)\n\t/home/andrew/Development/Golang/go-grpc-foundation/pkg/middleware/recovery.go:32 +0x85\ngithub.com/AndrewDonelson/go-grpc-foundation/pkg/middleware.TestRecoveryInterceptor_PanicError(0xc0003201c0)\n\t/home/andrew/Development/Golang/go-grpc-foundation/pkg/middleware/recovery_test.go:70 +0xf3\ntesting.tRunner(0xc0003201c0, 0xac5210)\n\t/snap/go/10984/src/testing/testing.go:1934 +0xea\ncreated by testing.(*T).Run in goroutine 1\n\t/snap/go/10984/src/testing/testing.go:1997 +0x465\n"}
--- PASS: TestRecoveryInterceptor_PanicError (0.00s)
=== RUN   TestRecoveryInterceptor_PanicInt
    logger.go:146: 2025-12-04T16:45:34.089-0600	ERROR	panic recovered	{"method": "/test.v1.TestService/TestMethod", "panic": 42, "stack": "goroutine 266 [running]:\nruntime/debug.Stack()\n\t/snap/go/10984/src/runtime/debug/stack.go:26 +0x5e\ngithub.com/AndrewDonelson/go-grpc-foundation/pkg/middleware.TestRecoveryInterceptor_PanicInt.RecoveryInterceptor.func2.1()\n\t/home/andrew/Development/Golang/go-grpc-foundation/pkg/middleware/recovery.go:26 +0x197\npanic({0x9a5ec0?, 0xb60428?})\n\t/snap/go/10984/src/runtime/panic.go:783 +0x132\ngithub.com/AndrewDonelson/go-grpc-foundation/pkg/middleware.TestRecoveryInterceptor_PanicInt.func1({0xac5e40?, 0x0?}, {0x0?, 0xb603d0?})\n\t/home/andrew/Development/Golang/go-grpc-foundation/pkg/middleware/recovery_test.go:87 +0x25\ngithub.com/AndrewDonelson/go-grpc-foundation/pkg/middleware.TestRecoveryInterceptor_PanicInt.RecoveryInterceptor.func2({0xb6bd20?, 0xfc0160?}, {0x9a5c80?, 0xb62a70?}, 0xf?, 0xc5ea50?)\n\t/home/andrew/Development/Golang/go-grpc-foundation/pkg/middleware/recovery.go:32 +0x85\ngithub.com/AndrewDonelson/go-grpc-foundation/pkg/middleware.TestRecoveryInterceptor_PanicInt(0xc000320380)\n\t/home/andrew/Development/Golang/go-grpc-foundation/pkg/middleware/recovery_test.go:90 +0xac\ntesting.tRunner(0xc000320380, 0xac5218)\n\t/snap/go/10984/src/testing/testing.go:1934 +0xea\ncreated by testing.(*T).Run in goroutine 1\n\t/snap/go/10984/src/testing/testing.go:1997 +0x465\n"}
--- PASS: TestRecoveryInterceptor_PanicInt (0.00s)
=== RUN   TestRecoveryInterceptor_PanicNil
    logger.go:146: 2025-12-04T16:45:34.089-0600	ERROR	panic recovered	{"method": "/test.v1.TestService/TestMethod", "panic": "panic called with nil argument", "stack": "goroutine 267 [running]:\nruntime/debug.Stack()\n\t/snap/go/10984/src/runtime/debug/stack.go:26 +0x5e\ngithub.com/AndrewDonelson/go-grpc-foundation/pkg/middleware.TestRecoveryInterceptor_PanicNil.RecoveryInterceptor.func2.1()\n\t/home/andrew/Development/Golang/go-grpc-foundation/pkg/middleware/recovery.go:26 +0x197\npanic({0x0?, 0x0?})\n\t/snap/go/10984/src/runtime/panic.go:783 +0x132\ngithub.com/AndrewDonelson/go-grpc-foundation/pkg/middleware.TestRecoveryInterceptor_PanicNil.func1({0xac5e40?, 0x0?}, {0x0?, 0xb603d0?})\n\t/home/andrew/Development/Golang/go-grpc-foundation/pkg/middleware/recovery_test.go:107 +0x17\ngithub.com/AndrewDonelson/go-grpc-foundation/pkg/middleware.TestRecoveryInterceptor_PanicNil.RecoveryInterceptor.func2({0xb6bd20?, 0xfc0160?}, {0x9a5c80?, 0xb62a70?}, 0xf?, 0xc5ea50?)\n\t/home/andrew/Development/Golang/go-grpc-foundation/pkg/middleware/recovery.go:32 +0x85\ngithub.com/AndrewDonelson/go-grpc-foundation/pkg/middleware.TestRecoveryInterceptor_PanicNil(0xc000320540)\n\t/home/andrew/Development/Golang/go-grpc-foundation/pkg/middleware/recovery_test.go:110 +0xac\ntesting.tRunner(0xc000320540, 0xac5220)\n\t/snap/go/10984/src/testing/testing.go:1934 +0xea\ncreated by testing.(*T).Run in goroutine 1\n\t/snap/go/10984/src/testing/testing.go:1997 +0x465\n"}
--- PASS: TestRecoveryInterceptor_PanicNil (0.00s)
=== RUN   TestRecoveryInterceptor_HandlerError
--- PASS: TestRecoveryInterceptor_HandlerError (0.00s)
=== RUN   TestStreamRecoveryInterceptor_NoPanic
--- PASS: TestStreamRecoveryInterceptor_NoPanic (0.00s)
=== RUN   TestStreamRecoveryInterceptor_Panic
    logger.go:146: 2025-12-04T16:45:34.089-0600	ERROR	panic recovered in stream	{"method": "/test.v1.TestService/TestStream", "panic": "stream panic", "stack": "goroutine 270 [running]:\nruntime/debug.Stack()\n\t/snap/go/10984/src/runtime/debug/stack.go:26 +0x5e\ngithub.com/AndrewDonelson/go-grpc-foundation/pkg/middleware.TestStreamRecoveryInterceptor_Panic.StreamRecoveryInterceptor.func2.1()\n\t/home/andrew/Development/Golang/go-grpc-foundation/pkg/middleware/recovery.go:49 +0x196\npanic({0x9a5c80?, 0xb62b00?})\n\t/snap/go/10984/src/runtime/panic.go:783 +0x132\ngithub.com/AndrewDonelson/go-grpc-foundation/pkg/middleware.TestStreamRecoveryInterceptor_Panic.func1({0xc0001223e0?, 0xc0000a5ea8?}, {0x47ff25?, 0x20?})\n\t/home/andrew/Development/Golang/go-grpc-foundation/pkg/middleware/recovery_test.go:165 +0x25\ngithub.com/AndrewDonelson/go-grpc-foundation/pkg/middleware.TestStreamRecoveryInterceptor_Panic.StreamRecoveryInterceptor.func2({0x9c88a0?, 0xfc0160?}, {0xb6d958?, 0xc0001223e0?}, 0x6ef?, 0x6ee?)\n\t/home/andrew/Development/Golang/go-grpc-foundation/pkg/middleware/recovery.go:55 +0x79\ngithub.com/AndrewDonelson/go-grpc-foundation/pkg/middleware.TestStreamRecoveryInterceptor_Panic(0xc000320a80)\n\t/home/andrew/Development/Golang/go-grpc-foundation/pkg/middleware/recovery_test.go:168 +0xa8\ntesting.tRunner(0xc000320a80, 0xac5240)\n\t/snap/go/10984/src/testing/testing.go:1934 +0xea\ncreated by testing.(*T).Run in goroutine 1\n\t/snap/go/10984/src/testing/testing.go:1997 +0x465\n"}
--- PASS: TestStreamRecoveryInterceptor_Panic (0.00s)
=== RUN   TestStreamRecoveryInterceptor_HandlerError
--- PASS: TestStreamRecoveryInterceptor_HandlerError (0.00s)
PASS
ok  	github.com/AndrewDonelson/go-grpc-foundation/pkg/middleware	(cached)
